<?xml version="1.0" encoding="UTF-8"?>
<testsuites name="jest tests" tests="15" failures="0" errors="0" time="4.245">
  <testsuite name="jest" errors="0" failures="0" skipped="0" timestamp="2024-12-30T12:26:52" time="4.195" tests="15">
    <testcase classname="jest throws when jest is enabled" name="jest throws when jest is enabled" time="0.023">
    </testcase>
    <testcase classname="vitest node project with vitest defaults" name="vitest node project with vitest defaults" time="0.049">
    </testcase>
    <testcase classname="vitest custom environment" name="vitest custom environment" time="0.021">
    </testcase>
    <testcase classname="vitest custom coverage provider" name="vitest custom coverage provider" time="0.022">
    </testcase>
    <testcase classname="vitest custom coverage reporters" name="vitest custom coverage reporters" time="0.02">
    </testcase>
    <testcase classname="vitest custom include patterns" name="vitest custom include patterns" time="0.021">
    </testcase>
    <testcase classname="vitest custom exclude patterns" name="vitest custom exclude patterns" time="0.019">
    </testcase>
    <testcase classname="vitest handles non-existent dependencies gracefully" name="vitest handles non-existent dependencies gracefully" time="0.002">
    </testcase>
    <testcase classname="vitest initialize with custom options" name="vitest initialize with custom options" time="0.021">
    </testcase>
    <testcase classname="vitest globals adds vitest/globals to tsconfig when globals enabled" name="vitest globals adds vitest/globals to tsconfig when globals enabled" time="0.02">
    </testcase>
    <testcase classname="vitest globals does not add vitest/globals to tsconfig when globals disabled" name="vitest globals does not add vitest/globals to tsconfig when globals disabled" time="0.019">
    </testcase>
    <testcase classname="vitest globals updates tsconfig when globals configuration changes (false --&gt; true)" name="vitest globals updates tsconfig when globals configuration changes (false --&gt; true)" time="0.019">
    </testcase>
    <testcase classname="vitest globals throws when tsconfig file doesn&apos;t exist" name="vitest globals throws when tsconfig file doesn&apos;t exist" time="0.003">
    </testcase>
    <testcase classname="vitest of returns vitest instance when found" name="vitest of returns vitest instance when found" time="0.002">
    </testcase>
    <testcase classname="vitest of returns undefined when not found" name="vitest of returns undefined when not found" time="0.001">
    </testcase>
  </testsuite>
</testsuites>